// Jest Snapshot v1, https://goo.gl/fbAQLP

exports[`render colored error message-file:///var/home/lommi/Projects/island.is-pipes/libs/dom/src/elements/error.spec.tsx 1`] = `"                                                                                                                                                                                                                                    ────────────────────────────────────────────────────────────────────────────[4m[1m=== ❌ ERROR ===[22m[24m                        [1m[43m[31mColored Error: Something went wrong[0m[49m  [22m────────────────────────────────────────────────────────────────────────────                                                                                                                                                                                                                                    "`;

exports[`render multi-line colored error-file:///var/home/lommi/Projects/island.is-pipes/libs/dom/src/elements/error.spec.tsx 1`] = `"                                                                                                                                                                                                                                    ──────────────────────────────────────────────────────────────────────────────────────────────────────────────────[4m[1m=== ❌ ERROR ===[22m[24m                        [43m[31mLorem ipsum dolor sit amet, consectetur adipiscing elit.                   Vivamus lacinia odio vitae vestibulum. Donec in efficit                                                           ur leo. In hac habitasse platea dictumst. Proin dolor me                                                          tus, pharetra in ipsum a, facilisis posuere velit. Quisq                                                          ue sit amet eros eu urna dignissim pharetra non id liber                                                          o.                                                                                                                [0m[49m                                                                                                         ──────────────────────────────────────────────────────────────────────────────────────────────────────────────────                                                                                                                                                                                                                                    "`;

exports[`render multi-line error-file:///var/home/lommi/Projects/island.is-pipes/libs/dom/src/elements/error.spec.tsx 1`] = `"                                                                                                                                                                                                                                    ──────────────────────────────────────────────────────────────────────────────────────────────────────────────────[4m[1m=== ❌ ERROR ===[22m[24m                        Lorem ipsum dolor sit amet, consectetur adipiscing elit.                   Vivamus lacinia odio vitae vestibulum. Donec in efficit                                                           ur leo. In hac habitasse platea dictumst. Proin dolor me                                                          tus, pharetra in ipsum a, facilisis posuere velit. Quisq                                                          ue sit amet eros eu urna dignissim pharetra non id liber                                                          o.                                                                                                                                                                                                                                  Phasellus bibendum, odio nec tincidunt venenatis, velit                                                           orci bibendum augue, a molestie mi est eget tellus. Ut a                                                          uctor aliquet felis a cursus. Vestibulum ante ipsum prim                                                          is in faucibus orci luctus et ultrices posuere cubilia c                                                          urae; Sed feugiat, velit nec gravida interdum, enim nequ                                                          e fringilla mi, at volutpat orci dui at metus. Aenean vi                                                          verra auctor orci, eu mattis odio egestas a.                                                                                                                                                                                        Maecenas eleifend, sem eu lacinia cursus, orci risus sem                                                          per urna, in feugiat metus nulla ac est. Duis eget risus                                                          in nunc sollicitudin facilisis at nec magna. Nam vel ti                                                           ncidunt mauris. Pellentesque habitant morbi tristique se                                                          nectus et netus et malesuada fames ac turpis egestas. Vi                                                          vamus convallis, diam ac porta tempus, justo libero aliq                                                          uet augue, a eleifend libero elit eu nisi.                                                                        ──────────────────────────────────────────────────────────────────────────────────────────────────────────────────                                                                                                                                                                                                                                    "`;

exports[`render simple string error-file:///var/home/lommi/Projects/island.is-pipes/libs/dom/src/elements/error.spec.tsx 1`] = `"                                                                                                                                                                                                                                    ───────────────────────────────────────────────────────────────────────────────────────────────[4m[1m=== ❌ ERROR ===[22m[24m                        [1mError message                                           [22m───────────────────────────────────────────────────────────────────────────────────────────────                                                                                                                                                                                                                                    "`;
