// Jest Snapshot v1, https://goo.gl/fbAQLP

exports[`error 1`] = `""`;

exports[`multiple lines 1`] = `""`;

exports[`padding 1`] = `""`;

exports[`render 1`] = `""`;
