// Jest Snapshot v1, https://goo.gl/fbAQLP

exports[`render multiple line 1`] = `""`;

exports[`render simple string 1`] = `""`;
