// Jest Snapshot v1, https://goo.gl/fbAQLP

exports[`render simple string 1`] = `""`;
